#! /usr/local/Cellar/icarus-verilog/11.0/bin/vvp
:ivl_version "11.0 (stable)";
:ivl_delay_selection "TYPICAL";
:vpi_time_precision - 12;
:vpi_module "/usr/local/Cellar/icarus-verilog/11.0/lib/ivl/system.vpi";
:vpi_module "/usr/local/Cellar/icarus-verilog/11.0/lib/ivl/vhdl_sys.vpi";
:vpi_module "/usr/local/Cellar/icarus-verilog/11.0/lib/ivl/vhdl_textio.vpi";
:vpi_module "/usr/local/Cellar/icarus-verilog/11.0/lib/ivl/v2005_math.vpi";
:vpi_module "/usr/local/Cellar/icarus-verilog/11.0/lib/ivl/va_math.vpi";
S_0x7fec2e207870 .scope module, "mi_maquina_estados_tb" "mi_maquina_estados_tb" 2 2;
 .timescale -9 -12;
v0x7fec2e220f90_0 .var "bit", 0 0;
v0x7fec2e221030_0 .var "clk", 0 0;
v0x7fec2e2210e0_0 .net "estado_salida", 1 0, v0x7fec2e220e80_0;  1 drivers
S_0x7fec2e210ea0 .scope module, "test1" "mi_fsm" 2 7, 3 1 0, S_0x7fec2e207870;
 .timescale 0 0;
    .port_info 0 /INPUT 1 "clk";
    .port_info 1 /INPUT 1 "bit";
    .port_info 2 /OUTPUT 2 "estado_salida";
P_0x7fec2e211010 .param/l "ESTADO_0" 0 3 3, C4<00>;
P_0x7fec2e211050 .param/l "ESTADO_1" 0 3 3, C4<01>;
P_0x7fec2e211090 .param/l "ESTADO_2" 0 3 3, C4<10>;
P_0x7fec2e2110d0 .param/l "ESTADO_3" 0 3 3, C4<11>;
v0x7fec2e2079e0_0 .net "bit", 0 0, v0x7fec2e220f90_0;  1 drivers
v0x7fec2e220de0_0 .net "clk", 0 0, v0x7fec2e221030_0;  1 drivers
v0x7fec2e220e80_0 .var "estado_salida", 1 0;
E_0x7fec2e2049f0 .event posedge, v0x7fec2e220de0_0;
    .scope S_0x7fec2e210ea0;
T_0 ;
    %wait E_0x7fec2e2049f0;
    %load/vec4 v0x7fec2e220e80_0;
    %dup/vec4;
    %pushi/vec4 0, 0, 2;
    %cmp/u;
    %jmp/1 T_0.0, 6;
    %dup/vec4;
    %pushi/vec4 1, 0, 2;
    %cmp/u;
    %jmp/1 T_0.1, 6;
    %dup/vec4;
    %pushi/vec4 2, 0, 2;
    %cmp/u;
    %jmp/1 T_0.2, 6;
    %dup/vec4;
    %pushi/vec4 3, 0, 2;
    %cmp/u;
    %jmp/1 T_0.3, 6;
    %pushi/vec4 0, 0, 2;
    %assign/vec4 v0x7fec2e220e80_0, 0;
    %jmp T_0.5;
T_0.0 ;
    %load/vec4 v0x7fec2e2079e0_0;
    %pad/u 32;
    %cmpi/e 1, 0, 32;
    %jmp/0xz  T_0.6, 4;
    %pushi/vec4 1, 0, 2;
    %assign/vec4 v0x7fec2e220e80_0, 0;
    %jmp T_0.7;
T_0.6 ;
    %pushi/vec4 0, 0, 2;
    %assign/vec4 v0x7fec2e220e80_0, 0;
T_0.7 ;
    %jmp T_0.5;
T_0.1 ;
    %load/vec4 v0x7fec2e2079e0_0;
    %pad/u 32;
    %cmpi/e 1, 0, 32;
    %jmp/0xz  T_0.8, 4;
    %pushi/vec4 2, 0, 2;
    %assign/vec4 v0x7fec2e220e80_0, 0;
    %jmp T_0.9;
T_0.8 ;
    %pushi/vec4 0, 0, 2;
    %assign/vec4 v0x7fec2e220e80_0, 0;
T_0.9 ;
    %jmp T_0.5;
T_0.2 ;
    %load/vec4 v0x7fec2e2079e0_0;
    %pad/u 32;
    %cmpi/e 1, 0, 32;
    %jmp/0xz  T_0.10, 4;
    %pushi/vec4 3, 0, 2;
    %assign/vec4 v0x7fec2e220e80_0, 0;
    %jmp T_0.11;
T_0.10 ;
    %pushi/vec4 0, 0, 2;
    %assign/vec4 v0x7fec2e220e80_0, 0;
T_0.11 ;
    %jmp T_0.5;
T_0.3 ;
    %pushi/vec4 0, 0, 2;
    %assign/vec4 v0x7fec2e220e80_0, 0;
    %jmp T_0.5;
T_0.5 ;
    %pop/vec4 1;
    %jmp T_0;
    .thread T_0;
    .scope S_0x7fec2e207870;
T_1 ;
    %pushi/vec4 0, 0, 1;
    %store/vec4 v0x7fec2e221030_0, 0, 1;
T_1.0 ;
    %delay 1000, 0;
    %load/vec4 v0x7fec2e221030_0;
    %inv;
    %store/vec4 v0x7fec2e221030_0, 0, 1;
    %jmp T_1.0;
    %end;
    .thread T_1;
    .scope S_0x7fec2e207870;
T_2 ;
    %pushi/vec4 1, 0, 1;
    %store/vec4 v0x7fec2e220f90_0, 0, 1;
    %delay 1000, 0;
    %vpi_call 2 17 "$display", "bit=%b, salida=%b", v0x7fec2e220f90_0, v0x7fec2e2210e0_0 {0 0 0};
    %delay 1000, 0;
    %pushi/vec4 1, 0, 1;
    %store/vec4 v0x7fec2e220f90_0, 0, 1;
    %delay 1000, 0;
    %vpi_call 2 21 "$display", "bit=%b, salida=%b", v0x7fec2e220f90_0, v0x7fec2e2210e0_0 {0 0 0};
    %delay 1000, 0;
    %pushi/vec4 0, 0, 1;
    %store/vec4 v0x7fec2e220f90_0, 0, 1;
    %delay 1000, 0;
    %vpi_call 2 25 "$display", "bit=%b, salida=%b", v0x7fec2e220f90_0, v0x7fec2e2210e0_0 {0 0 0};
    %delay 1000, 0;
    %pushi/vec4 1, 0, 1;
    %store/vec4 v0x7fec2e220f90_0, 0, 1;
    %delay 1000, 0;
    %vpi_call 2 29 "$display", "bit=%b, salida=%b", v0x7fec2e220f90_0, v0x7fec2e2210e0_0 {0 0 0};
    %delay 1000, 0;
    %pushi/vec4 1, 0, 1;
    %store/vec4 v0x7fec2e220f90_0, 0, 1;
    %delay 1000, 0;
    %vpi_call 2 33 "$display", "bit=%b, salida=%b", v0x7fec2e220f90_0, v0x7fec2e2210e0_0 {0 0 0};
    %delay 1000, 0;
    %pushi/vec4 1, 0, 1;
    %store/vec4 v0x7fec2e220f90_0, 0, 1;
    %delay 1000, 0;
    %vpi_call 2 37 "$display", "bit=%b, salida=%b", v0x7fec2e220f90_0, v0x7fec2e2210e0_0 {0 0 0};
    %delay 1000, 0;
    %pushi/vec4 1, 0, 1;
    %store/vec4 v0x7fec2e220f90_0, 0, 1;
    %delay 1000, 0;
    %vpi_call 2 41 "$display", "bit=%b, salida=%b", v0x7fec2e220f90_0, v0x7fec2e2210e0_0 {0 0 0};
    %delay 1000, 0;
    %pushi/vec4 1, 0, 1;
    %store/vec4 v0x7fec2e220f90_0, 0, 1;
    %delay 1000, 0;
    %vpi_call 2 45 "$display", "bit=%b, salida=%b", v0x7fec2e220f90_0, v0x7fec2e2210e0_0 {0 0 0};
    %delay 1000, 0;
    %vpi_call 2 48 "$finish" {0 0 0};
    %end;
    .thread T_2;
    .scope S_0x7fec2e207870;
T_3 ;
    %vpi_call 2 52 "$dumpfile", "maquina_de_estados.vcd" {0 0 0};
    %vpi_call 2 53 "$dumpvars" {0 0 0};
    %end;
    .thread T_3;
# The file index is used to find the file name in the following table.
:file_names 4;
    "N/A";
    "<interactive>";
    "maquina_de_estados_tb.v";
    "maquina_de_estados.v";
